tm_stm32f4_hd44780.c:86:6:TM_HD44780_Init	16	static
tm_stm32f4_hd44780.c:143:6:TM_HD44780_Clear	8	static
tm_stm32f4_hd44780.c:148:6:TM_HD44780_Puts	16	static
tm_stm32f4_hd44780.c:169:6:TM_HD44780_DisplayOn	8	static
tm_stm32f4_hd44780.c:174:6:TM_HD44780_DisplayOff	8	static
tm_stm32f4_hd44780.c:179:6:TM_HD44780_BlinkOn	8	static
tm_stm32f4_hd44780.c:184:6:TM_HD44780_BlinkOff	8	static
tm_stm32f4_hd44780.c:189:6:TM_HD44780_CursorOn	8	static
tm_stm32f4_hd44780.c:194:6:TM_HD44780_CursorOff	8	static
tm_stm32f4_hd44780.c:199:6:TM_HD44780_ScrollLeft	8	static
tm_stm32f4_hd44780.c:203:6:TM_HD44780_ScrollRight	8	static
tm_stm32f4_hd44780.c:207:6:TM_HD44780_CreateChar	24	static
tm_stm32f4_hd44780.c:218:6:TM_HD44780_PutCustom	16	static
tm_stm32f4_hd44780.c:224:13:TM_HD44780_Cmd	16	static
tm_stm32f4_hd44780.c:234:13:TM_HD44780_Data	16	static
tm_stm32f4_hd44780.c:244:13:TM_HD44780_Cmd4bit	16	static
tm_stm32f4_hd44780.c:253:13:TM_HD44780_CursorSet	24	static
tm_stm32f4_hd44780.c:269:13:TM_HD44780_InitPins	16	static
tm_stm32f4_hd44780.c:290:6:LCD_Delay	24	static
